<?xml version="1.0" encoding="ISO-8859-1" ?>
<link_info>
   <banner>TI ARM Linker Unix v18.12.4.LTS</banner>
   <copyright>Copyright (c) 1996-2018 Texas Instruments Incorporated</copyright>
   <link_time>0x607856c8</link_time>
   <link_errors>0x0</link_errors>
   <output_file>ece3849_lab0_rdpatil.out</output_file>
   <entry_point>
      <name>_c_int00_noargs</name>
      <address>0x3661</address>
   </entry_point>
   <input_file_list>
      <input_file id="fl-1">
         <path>./</path>
         <kind>object</kind>
         <file>Crystalfontz128x128_ST7735.obj</file>
         <name>Crystalfontz128x128_ST7735.obj</name>
      </input_file>
      <input_file id="fl-2">
         <path>./</path>
         <kind>object</kind>
         <file>HAL_EK_TM4C1294XL_Crystalfontz128x128_ST7735.obj</file>
         <name>HAL_EK_TM4C1294XL_Crystalfontz128x128_ST7735.obj</name>
      </input_file>
      <input_file id="fl-3">
         <path>./</path>
         <kind>object</kind>
         <file>buttons.obj</file>
         <name>buttons.obj</name>
      </input_file>
      <input_file id="fl-4">
         <path>./</path>
         <kind>object</kind>
         <file>main.obj</file>
         <name>main.obj</name>
      </input_file>
      <input_file id="fl-5">
         <path>./</path>
         <kind>object</kind>
         <file>sysctl_pll.obj</file>
         <name>sysctl_pll.obj</name>
      </input_file>
      <input_file id="fl-6">
         <path>./</path>
         <kind>object</kind>
         <file>tm4c1294ncpdt_startup_ccs.obj</file>
         <name>tm4c1294ncpdt_startup_ccs.obj</name>
      </input_file>
      <input_file id="fl-c">
         <kind>object</kind>
         <file>&lt;internal&gt;</file>
         <name>&lt;internal&gt;</name>
      </input_file>
      <input_file id="fl-c2">
         <path>/home/rishi/ti/ccs930/ccs/tools/compiler/ti-cgt-arm_18.12.4.LTS/lib/</path>
         <kind>archive</kind>
         <file>rtsv7M4_T_le_v4SPD16_eabi.lib</file>
         <name>s_roundf.c.obj</name>
      </input_file>
      <input_file id="fl-c3">
         <path>/home/rishi/ti/ccs930/ccs/tools/compiler/ti-cgt-arm_18.12.4.LTS/lib/</path>
         <kind>archive</kind>
         <file>rtsv7M4_T_le_v4SPD16_eabi.lib</file>
         <name>snprintf.c.obj</name>
      </input_file>
      <input_file id="fl-c4">
         <path>/home/rishi/ti/ccs930/ccs/tools/compiler/ti-cgt-arm_18.12.4.LTS/lib/</path>
         <kind>archive</kind>
         <file>rtsv7M4_T_le_v4SPD16_eabi.lib</file>
         <name>memcpy_t2.asm.obj</name>
      </input_file>
      <input_file id="fl-c5">
         <path>/home/rishi/ti/ccs930/ccs/tools/compiler/ti-cgt-arm_18.12.4.LTS/lib/</path>
         <kind>archive</kind>
         <file>rtsv7M4_T_le_v4SPD16_eabi.lib</file>
         <name>copy_zero_init.c.obj</name>
      </input_file>
      <input_file id="fl-c6">
         <path>/home/rishi/ti/ccs930/ccs/tools/compiler/ti-cgt-arm_18.12.4.LTS/lib/</path>
         <kind>archive</kind>
         <file>rtsv7M4_T_le_v4SPD16_eabi.lib</file>
         <name>copy_decompress_none.c.obj</name>
      </input_file>
      <input_file id="fl-c7">
         <path>/home/rishi/ti/ccs930/ccs/tools/compiler/ti-cgt-arm_18.12.4.LTS/lib/</path>
         <kind>archive</kind>
         <file>rtsv7M4_T_le_v4SPD16_eabi.lib</file>
         <name>copy_decompress_lzss.c.obj</name>
      </input_file>
      <input_file id="fl-c8">
         <path>/home/rishi/ti/ccs930/ccs/tools/compiler/ti-cgt-arm_18.12.4.LTS/lib/</path>
         <kind>archive</kind>
         <file>rtsv7M4_T_le_v4SPD16_eabi.lib</file>
         <name>boot_cortex_m.c.obj</name>
      </input_file>
      <input_file id="fl-c9">
         <path>/home/rishi/ti/ccs930/ccs/tools/compiler/ti-cgt-arm_18.12.4.LTS/lib/</path>
         <kind>archive</kind>
         <file>rtsv7M4_T_le_v4SPD16_eabi.lib</file>
         <name>s_floorf.c.obj</name>
      </input_file>
      <input_file id="fl-ca">
         <path>/home/rishi/ti/ccs930/ccs/tools/compiler/ti-cgt-arm_18.12.4.LTS/lib/</path>
         <kind>archive</kind>
         <file>rtsv7M4_T_le_v4SPD16_eabi.lib</file>
         <name>_printfi.c.obj</name>
      </input_file>
      <input_file id="fl-cb">
         <path>/home/rishi/ti/ccs930/ccs/tools/compiler/ti-cgt-arm_18.12.4.LTS/lib/</path>
         <kind>archive</kind>
         <file>rtsv7M4_T_le_v4SPD16_eabi.lib</file>
         <name>fd_add_t2.asm.obj</name>
      </input_file>
      <input_file id="fl-cc">
         <path>/home/rishi/ti/ccs930/ccs/tools/compiler/ti-cgt-arm_18.12.4.LTS/lib/</path>
         <kind>archive</kind>
         <file>rtsv7M4_T_le_v4SPD16_eabi.lib</file>
         <name>fd_cmp_t2.asm.obj</name>
      </input_file>
      <input_file id="fl-cd">
         <path>/home/rishi/ti/ccs930/ccs/tools/compiler/ti-cgt-arm_18.12.4.LTS/lib/</path>
         <kind>archive</kind>
         <file>rtsv7M4_T_le_v4SPD16_eabi.lib</file>
         <name>fd_div_t2.asm.obj</name>
      </input_file>
      <input_file id="fl-ce">
         <path>/home/rishi/ti/ccs930/ccs/tools/compiler/ti-cgt-arm_18.12.4.LTS/lib/</path>
         <kind>archive</kind>
         <file>rtsv7M4_T_le_v4SPD16_eabi.lib</file>
         <name>fd_mul_t2.asm.obj</name>
      </input_file>
      <input_file id="fl-cf">
         <path>/home/rishi/ti/ccs930/ccs/tools/compiler/ti-cgt-arm_18.12.4.LTS/lib/</path>
         <kind>archive</kind>
         <file>rtsv7M4_T_le_v4SPD16_eabi.lib</file>
         <name>fd_toi_t2.asm.obj</name>
      </input_file>
      <input_file id="fl-d0">
         <path>/home/rishi/ti/ccs930/ccs/tools/compiler/ti-cgt-arm_18.12.4.LTS/lib/</path>
         <kind>archive</kind>
         <file>rtsv7M4_T_le_v4SPD16_eabi.lib</file>
         <name>i_tofd_t2.asm.obj</name>
      </input_file>
      <input_file id="fl-d1">
         <path>/home/rishi/ti/ccs930/ccs/tools/compiler/ti-cgt-arm_18.12.4.LTS/lib/</path>
         <kind>archive</kind>
         <file>rtsv7M4_T_le_v4SPD16_eabi.lib</file>
         <name>ull_div_t2.asm.obj</name>
      </input_file>
      <input_file id="fl-d2">
         <path>/home/rishi/ti/ccs930/ccs/tools/compiler/ti-cgt-arm_18.12.4.LTS/lib/</path>
         <kind>archive</kind>
         <file>rtsv7M4_T_le_v4SPD16_eabi.lib</file>
         <name>memset_t2.asm.obj</name>
      </input_file>
      <input_file id="fl-d3">
         <path>/home/rishi/ti/ccs930/ccs/tools/compiler/ti-cgt-arm_18.12.4.LTS/lib/</path>
         <kind>archive</kind>
         <file>rtsv7M4_T_le_v4SPD16_eabi.lib</file>
         <name>autoinit.c.obj</name>
      </input_file>
      <input_file id="fl-d4">
         <path>/home/rishi/ti/ccs930/ccs/tools/compiler/ti-cgt-arm_18.12.4.LTS/lib/</path>
         <kind>archive</kind>
         <file>rtsv7M4_T_le_v4SPD16_eabi.lib</file>
         <name>pre_init.c.obj</name>
      </input_file>
      <input_file id="fl-d5">
         <path>/home/rishi/ti/ccs930/ccs/tools/compiler/ti-cgt-arm_18.12.4.LTS/lib/</path>
         <kind>archive</kind>
         <file>rtsv7M4_T_le_v4SPD16_eabi.lib</file>
         <name>cpy_tbl.c.obj</name>
      </input_file>
      <input_file id="fl-d6">
         <path>/home/rishi/ti/ccs930/ccs/tools/compiler/ti-cgt-arm_18.12.4.LTS/lib/</path>
         <kind>archive</kind>
         <file>rtsv7M4_T_le_v4SPD16_eabi.lib</file>
         <name>exit.c.obj</name>
      </input_file>
      <input_file id="fl-d7">
         <path>/home/rishi/ti/ccs930/ccs/tools/compiler/ti-cgt-arm_18.12.4.LTS/lib/</path>
         <kind>archive</kind>
         <file>rtsv7M4_T_le_v4SPD16_eabi.lib</file>
         <name>_lock.c.obj</name>
      </input_file>
      <input_file id="fl-d8">
         <path>/home/rishi/ti/ccs930/ccs/tools/compiler/ti-cgt-arm_18.12.4.LTS/lib/</path>
         <kind>archive</kind>
         <file>rtsv7M4_T_le_v4SPD16_eabi.lib</file>
         <name>args_main.c.obj</name>
      </input_file>
      <input_file id="fl-d9">
         <path>/home/rishi/ti/ccs930/ccs/tools/compiler/ti-cgt-arm_18.12.4.LTS/lib/</path>
         <kind>archive</kind>
         <file>rtsv7M4_T_le_v4SPD16_eabi.lib</file>
         <name>atoi.c.obj</name>
      </input_file>
      <input_file id="fl-da">
         <path>/home/rishi/ti/ccs930/ccs/tools/compiler/ti-cgt-arm_18.12.4.LTS/lib/</path>
         <kind>archive</kind>
         <file>rtsv7M4_T_le_v4SPD16_eabi.lib</file>
         <name>ctype.c.obj</name>
      </input_file>
      <input_file id="fl-db">
         <path>/home/rishi/ti/ccs930/ccs/tools/compiler/ti-cgt-arm_18.12.4.LTS/lib/</path>
         <kind>archive</kind>
         <file>rtsv7M4_T_le_v4SPD16_eabi.lib</file>
         <name>ltoa.c.obj</name>
      </input_file>
      <input_file id="fl-dc">
         <path>/home/rishi/ti/ccs930/ccs/tools/compiler/ti-cgt-arm_18.12.4.LTS/lib/</path>
         <kind>archive</kind>
         <file>rtsv7M4_T_le_v4SPD16_eabi.lib</file>
         <name>memccpy.c.obj</name>
      </input_file>
      <input_file id="fl-dd">
         <path>/home/rishi/ti/ccs930/ccs/tools/compiler/ti-cgt-arm_18.12.4.LTS/lib/</path>
         <kind>archive</kind>
         <file>rtsv7M4_T_le_v4SPD16_eabi.lib</file>
         <name>strchr.c.obj</name>
      </input_file>
      <input_file id="fl-de">
         <path>/home/rishi/ti/ccs930/ccs/tools/compiler/ti-cgt-arm_18.12.4.LTS/lib/</path>
         <kind>archive</kind>
         <file>rtsv7M4_T_le_v4SPD16_eabi.lib</file>
         <name>strlen.c.obj</name>
      </input_file>
      <input_file id="fl-df">
         <path>/home/rishi/ti/ccs930/ccs/tools/compiler/ti-cgt-arm_18.12.4.LTS/lib/</path>
         <kind>archive</kind>
         <file>rtsv7M4_T_le_v4SPD16_eabi.lib</file>
         <name>errno.c.obj</name>
      </input_file>
      <input_file id="fl-e0">
         <path>/home/rishi/ti/ccs930/ccs/tools/compiler/ti-cgt-arm_18.12.4.LTS/lib/</path>
         <kind>archive</kind>
         <file>rtsv7M4_T_le_v4SPD16_eabi.lib</file>
         <name>wcslen.c.obj</name>
      </input_file>
      <input_file id="fl-e1">
         <path>/home/rishi/ti/ccs930/ccs/tools/compiler/ti-cgt-arm_18.12.4.LTS/lib/</path>
         <kind>archive</kind>
         <file>rtsv7M4_T_le_v4SPD16_eabi.lib</file>
         <name>s_frexp.c.obj</name>
      </input_file>
      <input_file id="fl-e2">
         <path>/home/rishi/ti/ccs930/ccs/tools/compiler/ti-cgt-arm_18.12.4.LTS/lib/</path>
         <kind>archive</kind>
         <file>rtsv7M4_T_le_v4SPD16_eabi.lib</file>
         <name>s_scalbn.c.obj</name>
      </input_file>
      <input_file id="fl-e3">
         <path>/home/rishi/ti/ccs930/ccs/tools/compiler/ti-cgt-arm_18.12.4.LTS/lib/</path>
         <kind>archive</kind>
         <file>rtsv7M4_T_le_v4SPD16_eabi.lib</file>
         <name>div0.asm.obj</name>
      </input_file>
      <input_file id="fl-e4">
         <path>/home/rishi/ti/ccs930/ccs/tools/compiler/ti-cgt-arm_18.12.4.LTS/lib/</path>
         <kind>archive</kind>
         <file>rtsv7M4_T_le_v4SPD16_eabi.lib</file>
         <name>s_copysign.c.obj</name>
      </input_file>
      <input_file id="fl-e5">
         <path>/home/rishi/ti/tirtos_tivac_2_16_01_14/products/TivaWare_C_Series-2.1.1.71b/grlib/ccs/Debug/</path>
         <kind>archive</kind>
         <file>grlib.lib</file>
         <name>context.obj</name>
      </input_file>
      <input_file id="fl-e6">
         <path>/home/rishi/ti/tirtos_tivac_2_16_01_14/products/TivaWare_C_Series-2.1.1.71b/grlib/ccs/Debug/</path>
         <kind>archive</kind>
         <file>grlib.lib</file>
         <name>rectangle.obj</name>
      </input_file>
      <input_file id="fl-e7">
         <path>/home/rishi/ti/tirtos_tivac_2_16_01_14/products/TivaWare_C_Series-2.1.1.71b/grlib/ccs/Debug/</path>
         <kind>archive</kind>
         <file>grlib.lib</file>
         <name>string.obj</name>
      </input_file>
      <input_file id="fl-e8">
         <path>/home/rishi/ti/tirtos_tivac_2_16_01_14/products/TivaWare_C_Series-2.1.1.71b/grlib/ccs/Debug/</path>
         <kind>archive</kind>
         <file>grlib.lib</file>
         <name>fontfixed6x8.obj</name>
      </input_file>
      <input_file id="fl-e9">
         <path>/home/rishi/ti/tirtos_tivac_2_16_01_14/products/TivaWare_C_Series-2.1.1.71b/grlib/ccs/Debug/</path>
         <kind>archive</kind>
         <file>grlib.lib</file>
         <name>charmap.obj</name>
      </input_file>
      <input_file id="fl-ea">
         <path>/home/rishi/ti/tirtos_tivac_2_16_01_14/products/TivaWare_C_Series-2.1.1.71b/grlib/ccs/Debug/</path>
         <kind>archive</kind>
         <file>grlib.lib</file>
         <name>line.obj</name>
      </input_file>
      <input_file id="fl-eb">
         <path>/home/rishi/ti/tirtos_tivac_2_16_01_14/products/TivaWare_C_Series-2.1.1.71b/driverlib/ccs/Debug/</path>
         <kind>archive</kind>
         <file>driverlib.lib</file>
         <name>adc.obj</name>
      </input_file>
      <input_file id="fl-ec">
         <path>/home/rishi/ti/tirtos_tivac_2_16_01_14/products/TivaWare_C_Series-2.1.1.71b/driverlib/ccs/Debug/</path>
         <kind>archive</kind>
         <file>driverlib.lib</file>
         <name>fpu.obj</name>
      </input_file>
      <input_file id="fl-ed">
         <path>/home/rishi/ti/tirtos_tivac_2_16_01_14/products/TivaWare_C_Series-2.1.1.71b/driverlib/ccs/Debug/</path>
         <kind>archive</kind>
         <file>driverlib.lib</file>
         <name>gpio.obj</name>
      </input_file>
      <input_file id="fl-ee">
         <path>/home/rishi/ti/tirtos_tivac_2_16_01_14/products/TivaWare_C_Series-2.1.1.71b/driverlib/ccs/Debug/</path>
         <kind>archive</kind>
         <file>driverlib.lib</file>
         <name>interrupt.obj</name>
      </input_file>
      <input_file id="fl-ef">
         <path>/home/rishi/ti/tirtos_tivac_2_16_01_14/products/TivaWare_C_Series-2.1.1.71b/driverlib/ccs/Debug/</path>
         <kind>archive</kind>
         <file>driverlib.lib</file>
         <name>ssi.obj</name>
      </input_file>
      <input_file id="fl-f0">
         <path>/home/rishi/ti/tirtos_tivac_2_16_01_14/products/TivaWare_C_Series-2.1.1.71b/driverlib/ccs/Debug/</path>
         <kind>archive</kind>
         <file>driverlib.lib</file>
         <name>sysctl.obj</name>
      </input_file>
      <input_file id="fl-f1">
         <path>/home/rishi/ti/tirtos_tivac_2_16_01_14/products/TivaWare_C_Series-2.1.1.71b/driverlib/ccs/Debug/</path>
         <kind>archive</kind>
         <file>driverlib.lib</file>
         <name>timer.obj</name>
      </input_file>
      <input_file id="fl-f2">
         <path>/home/rishi/ti/tirtos_tivac_2_16_01_14/products/TivaWare_C_Series-2.1.1.71b/driverlib/ccs/Debug/</path>
         <kind>archive</kind>
         <file>driverlib.lib</file>
         <name>cpu.obj</name>
      </input_file>
   </input_file_list>
   <object_component_list>
      <object_component id="oc-f">
         <name>.intvecs</name>
         <load_address>0x0</load_address>
         <run_address>0x0</run_address>
         <size>0x208</size>
         <input_file_ref idref="fl-6"/>
      </object_component>
      <object_component id="oc-2c0">
         <name>.text:__TI_printfi</name>
         <load_address>0x208</load_address>
         <run_address>0x208</run_address>
         <size>0xa4e</size>
         <input_file_ref idref="fl-ca"/>
      </object_component>
      <object_component id="oc-4ab">
         <name>.text</name>
         <load_address>0xc56</load_address>
         <run_address>0xc56</run_address>
         <size>0x2</size>
         <input_file_ref idref="fl-e3"/>
      </object_component>
      <object_component id="oc-2a">
         <name>.text</name>
         <load_address>0xc58</load_address>
         <run_address>0xc58</run_address>
         <size>0x4a2</size>
         <input_file_ref idref="fl-3"/>
      </object_component>
      <object_component id="oc-109">
         <name>.text:GPIOPinRead</name>
         <load_address>0x10fa</load_address>
         <run_address>0x10fa</run_address>
         <size>0x6</size>
         <input_file_ref idref="fl-ed"/>
      </object_component>
      <object_component id="oc-1d5">
         <name>.text</name>
         <load_address>0x1100</load_address>
         <run_address>0x1100</run_address>
         <size>0x3f0</size>
         <input_file_ref idref="fl-1"/>
      </object_component>
      <object_component id="oc-3a7">
         <name>.text:_pconv_a</name>
         <load_address>0x14f0</load_address>
         <run_address>0x14f0</run_address>
         <size>0x270</size>
         <input_file_ref idref="fl-ca"/>
      </object_component>
      <object_component id="oc-35e">
         <name>.text:GrFontGlyphRender</name>
         <load_address>0x1760</load_address>
         <run_address>0x1760</run_address>
         <size>0x256</size>
         <input_file_ref idref="fl-e7"/>
      </object_component>
      <object_component id="oc-1cf">
         <name>.text:SysCtlClockFreqSet</name>
         <load_address>0x19b8</load_address>
         <run_address>0x19b8</run_address>
         <size>0x204</size>
         <input_file_ref idref="fl-f0"/>
      </object_component>
      <object_component id="oc-395">
         <name>.text:_pconv_g</name>
         <load_address>0x1bbc</load_address>
         <run_address>0x1bbc</run_address>
         <size>0x1d0</size>
         <input_file_ref idref="fl-ca"/>
      </object_component>
      <object_component id="oc-440">
         <name>.text</name>
         <load_address>0x1d8c</load_address>
         <run_address>0x1d8c</run_address>
         <size>0x1b6</size>
         <input_file_ref idref="fl-cb"/>
      </object_component>
      <object_component id="oc-323">
         <name>.text:GPIOPinWrite</name>
         <load_address>0x1f42</load_address>
         <run_address>0x1f42</run_address>
         <size>0x6</size>
         <input_file_ref idref="fl-ed"/>
      </object_component>
      <object_component id="oc-283">
         <name>.text</name>
         <load_address>0x1f48</load_address>
         <run_address>0x1f48</run_address>
         <size>0x17e</size>
         <input_file_ref idref="fl-2"/>
      </object_component>
      <object_component id="oc-145">
         <name>.text</name>
         <load_address>0x20c8</load_address>
         <run_address>0x20c8</run_address>
         <size>0x170</size>
         <input_file_ref idref="fl-4"/>
      </object_component>
      <object_component id="oc-3a1">
         <name>.text:_pconv_e</name>
         <load_address>0x2238</load_address>
         <run_address>0x2238</run_address>
         <size>0x13c</size>
         <input_file_ref idref="fl-ca"/>
      </object_component>
      <object_component id="oc-426">
         <name>.text</name>
         <load_address>0x2374</load_address>
         <run_address>0x2374</run_address>
         <size>0x136</size>
         <input_file_ref idref="fl-cd"/>
      </object_component>
      <object_component id="oc-ce">
         <name>.text:GPIOPadConfigSet</name>
         <load_address>0x24aa</load_address>
         <run_address>0x24aa</run_address>
         <size>0x130</size>
         <input_file_ref idref="fl-ed"/>
      </object_component>
      <object_component id="oc-452">
         <name>.text:fcvt</name>
         <load_address>0x25dc</load_address>
         <run_address>0x25dc</run_address>
         <size>0x124</size>
         <input_file_ref idref="fl-ca"/>
      </object_component>
      <object_component id="oc-466">
         <name>.text:scalbn</name>
         <load_address>0x2700</load_address>
         <run_address>0x2700</run_address>
         <size>0x110</size>
         <input_file_ref idref="fl-e2"/>
      </object_component>
      <object_component id="oc-421">
         <name>.text</name>
         <load_address>0x2810</load_address>
         <run_address>0x2810</run_address>
         <size>0xfc</size>
         <input_file_ref idref="fl-ce"/>
      </object_component>
      <object_component id="oc-29d">
         <name>.text:GrDefaultStringRenderer</name>
         <load_address>0x290c</load_address>
         <run_address>0x290c</run_address>
         <size>0xc4</size>
         <input_file_ref idref="fl-e7"/>
      </object_component>
      <object_component id="oc-38a">
         <name>.text:_ltostr</name>
         <load_address>0x29d0</load_address>
         <run_address>0x29d0</run_address>
         <size>0xb1</size>
         <input_file_ref idref="fl-ca"/>
      </object_component>
      <object_component id="oc-3e">
         <name>.text</name>
         <load_address>0x2a82</load_address>
         <run_address>0x2a82</run_address>
         <size>0x9c</size>
         <input_file_ref idref="fl-c4"/>
      </object_component>
      <object_component id="oc-41a">
         <name>.text</name>
         <load_address>0x2b1e</load_address>
         <run_address>0x2b1e</run_address>
         <size>0x96</size>
         <input_file_ref idref="fl-d1"/>
      </object_component>
      <object_component id="oc-1f3">
         <name>.text:GrRectFill</name>
         <load_address>0x2bb4</load_address>
         <run_address>0x2bb4</run_address>
         <size>0x86</size>
         <input_file_ref idref="fl-e6"/>
      </object_component>
      <object_component id="oc-390">
         <name>.text:__aeabi_cdcmple</name>
         <load_address>0x2c3a</load_address>
         <run_address>0x2c3a</run_address>
         <size>0x86</size>
         <input_file_ref idref="fl-cc"/>
      </object_component>
      <object_component id="oc-42b">
         <name>.text:__aeabi_cdrcmple</name>
         <load_address>0x2cc0</load_address>
         <run_address>0x2cc0</run_address>
         <size>0x86</size>
         <input_file_ref idref="fl-cc"/>
      </object_component>
      <object_component id="oc-177">
         <name>.text:floorf</name>
         <load_address>0x2d48</load_address>
         <run_address>0x2d48</run_address>
         <size>0x80</size>
         <input_file_ref idref="fl-c9"/>
      </object_component>
      <object_component id="oc-f5">
         <name>.text:ADCSequenceStepConfigure</name>
         <load_address>0x2dc8</load_address>
         <run_address>0x2dc8</run_address>
         <size>0x7a</size>
         <input_file_ref idref="fl-eb"/>
      </object_component>
      <object_component id="oc-139">
         <name>.text</name>
         <load_address>0x2e42</load_address>
         <run_address>0x2e42</run_address>
         <size>0x7a</size>
         <input_file_ref idref="fl-d2"/>
      </object_component>
      <object_component id="oc-44b">
         <name>.text:_mcpy</name>
         <load_address>0x2ebc</load_address>
         <run_address>0x2ebc</run_address>
         <size>0x6e</size>
         <input_file_ref idref="fl-ca"/>
      </object_component>
      <object_component id="oc-a4">
         <name>.text:roundf</name>
         <load_address>0x2f2a</load_address>
         <run_address>0x2f2a</run_address>
         <size>0x6e</size>
         <input_file_ref idref="fl-c2"/>
      </object_component>
      <object_component id="oc-1e4">
         <name>.text:GrContextInit</name>
         <load_address>0x2f98</load_address>
         <run_address>0x2f98</run_address>
         <size>0x68</size>
         <input_file_ref idref="fl-e5"/>
      </object_component>
      <object_component id="oc-c2">
         <name>.text:IntEnable</name>
         <load_address>0x3000</load_address>
         <run_address>0x3000</run_address>
         <size>0x68</size>
         <input_file_ref idref="fl-ee"/>
      </object_component>
      <object_component id="oc-12">
         <name>.text:decompress:lzss:__TI_decompress_lzss</name>
         <load_address>0x3068</load_address>
         <run_address>0x3068</run_address>
         <size>0x68</size>
         <input_file_ref idref="fl-c7"/>
      </object_component>
      <object_component id="oc-460">
         <name>.text:frexp</name>
         <load_address>0x30d0</load_address>
         <run_address>0x30d0</run_address>
         <size>0x64</size>
         <input_file_ref idref="fl-e1"/>
      </object_component>
      <object_component id="oc-9b">
         <name>.text:TimerConfigure</name>
         <load_address>0x3134</load_address>
         <run_address>0x3134</run_address>
         <size>0x60</size>
         <input_file_ref idref="fl-f1"/>
      </object_component>
      <object_component id="oc-402">
         <name>.text:FontWideGlyphDataGet</name>
         <load_address>0x3194</load_address>
         <run_address>0x3194</run_address>
         <size>0x5a</size>
         <input_file_ref idref="fl-e7"/>
      </object_component>
      <object_component id="oc-39b">
         <name>.text:_pconv_f</name>
         <load_address>0x31ee</load_address>
         <run_address>0x31ee</run_address>
         <size>0x56</size>
         <input_file_ref idref="fl-ca"/>
      </object_component>
      <object_component id="oc-435">
         <name>.text:ltoa</name>
         <load_address>0x3244</load_address>
         <run_address>0x3244</run_address>
         <size>0x54</size>
         <input_file_ref idref="fl-db"/>
      </object_component>
      <object_component id="oc-445">
         <name>.text:_ecpy</name>
         <load_address>0x3298</load_address>
         <run_address>0x3298</run_address>
         <size>0x52</size>
         <input_file_ref idref="fl-ca"/>
      </object_component>
      <object_component id="oc-384">
         <name>.text:atoi</name>
         <load_address>0x32ec</load_address>
         <run_address>0x32ec</run_address>
         <size>0x4c</size>
         <input_file_ref idref="fl-d9"/>
      </object_component>
      <object_component id="oc-1f9">
         <name>.text:snprintf</name>
         <load_address>0x3338</load_address>
         <run_address>0x3338</run_address>
         <size>0x4c</size>
         <input_file_ref idref="fl-c3"/>
      </object_component>
      <object_component id="oc-2b0">
         <name>.text:UpdateContextCharMapping</name>
         <load_address>0x3384</load_address>
         <run_address>0x3384</run_address>
         <size>0x4a</size>
         <input_file_ref idref="fl-e7"/>
      </object_component>
      <object_component id="oc-da">
         <name>.text</name>
         <load_address>0x33d0</load_address>
         <run_address>0x33d0</run_address>
         <size>0x4a</size>
         <input_file_ref idref="fl-5"/>
      </object_component>
      <object_component id="oc-33b">
         <name>.text:GPIOPinConfigure</name>
         <load_address>0x341c</load_address>
         <run_address>0x341c</run_address>
         <size>0x48</size>
         <input_file_ref idref="fl-ed"/>
      </object_component>
      <object_component id="oc-272">
         <name>.text:_SysCtlFrequencyGet</name>
         <load_address>0x3464</load_address>
         <run_address>0x3464</run_address>
         <size>0x48</size>
         <input_file_ref idref="fl-f0"/>
      </object_component>
      <object_component id="oc-430">
         <name>.text</name>
         <load_address>0x34ac</load_address>
         <run_address>0x34ac</run_address>
         <size>0x48</size>
         <input_file_ref idref="fl-cf"/>
      </object_component>
      <object_component id="oc-212">
         <name>.text:__TI_auto_init_nobinit_nopinit:__TI_auto_init_nobinit_nopinit</name>
         <load_address>0x34f4</load_address>
         <run_address>0x34f4</run_address>
         <size>0x44</size>
         <input_file_ref idref="fl-d3"/>
      </object_component>
      <object_component id="oc-ef">
         <name>.text:ADCSequenceConfigure</name>
         <load_address>0x3538</load_address>
         <run_address>0x3538</run_address>
         <size>0x3e</size>
         <input_file_ref idref="fl-eb"/>
      </object_component>
      <object_component id="oc-458">
         <name>.text:_fcpy</name>
         <load_address>0x3576</load_address>
         <run_address>0x3576</run_address>
         <size>0x3e</size>
         <input_file_ref idref="fl-ca"/>
      </object_component>
      <object_component id="oc-329">
         <name>.text:SSIConfigSetExpClk</name>
         <load_address>0x35b4</load_address>
         <run_address>0x35b4</run_address>
         <size>0x3c</size>
         <input_file_ref idref="fl-ef"/>
      </object_component>
      <object_component id="oc-408">
         <name>.text:FontGlyphDataGet</name>
         <load_address>0x35f0</load_address>
         <run_address>0x35f0</run_address>
         <size>0x3a</size>
         <input_file_ref idref="fl-e7"/>
      </object_component>
      <object_component id="oc-8f">
         <name>.text:SysCtlPeripheralEnable</name>
         <load_address>0x362c</load_address>
         <run_address>0x362c</run_address>
         <size>0x34</size>
         <input_file_ref idref="fl-f0"/>
      </object_component>
      <object_component id="oc-5c">
         <name>.text:_c_int00_noargs:_c_int00_noargs</name>
         <load_address>0x3660</load_address>
         <run_address>0x3660</run_address>
         <size>0x34</size>
         <input_file_ref idref="fl-c8"/>
      </object_component>
      <object_component id="oc-2c6">
         <name>.text:_outs</name>
         <load_address>0x3694</load_address>
         <run_address>0x3694</run_address>
         <size>0x30</size>
         <input_file_ref idref="fl-c3"/>
      </object_component>
      <object_component id="oc-77">
         <name>.text:ADCIntStatus</name>
         <load_address>0x36c4</load_address>
         <run_address>0x36c4</run_address>
         <size>0x2e</size>
         <input_file_ref idref="fl-eb"/>
      </object_component>
      <object_component id="oc-352">
         <name>.text:GrStringNextCharGet</name>
         <load_address>0x36f2</load_address>
         <run_address>0x36f2</run_address>
         <size>0x2e</size>
         <input_file_ref idref="fl-e7"/>
      </object_component>
      <object_component id="oc-43b">
         <name>.text</name>
         <load_address>0x3720</load_address>
         <run_address>0x3720</run_address>
         <size>0x2e</size>
         <input_file_ref idref="fl-d0"/>
      </object_component>
      <object_component id="oc-18b">
         <name>.text:GPIODirModeSet</name>
         <load_address>0x374e</load_address>
         <run_address>0x374e</run_address>
         <size>0x2a</size>
         <input_file_ref idref="fl-ed"/>
      </object_component>
      <object_component id="oc-34c">
         <name>.text:GrFontInfoGet</name>
         <load_address>0x3778</load_address>
         <run_address>0x3778</run_address>
         <size>0x26</size>
         <input_file_ref idref="fl-e7"/>
      </object_component>
      <object_component id="oc-bc">
         <name>.text:IntPrioritySet</name>
         <load_address>0x37a0</load_address>
         <run_address>0x37a0</run_address>
         <size>0x24</size>
         <input_file_ref idref="fl-ee"/>
      </object_component>
      <object_component id="oc-358">
         <name>.text:GrFontGlyphDataGet</name>
         <load_address>0x37c4</load_address>
         <run_address>0x37c4</run_address>
         <size>0x22</size>
         <input_file_ref idref="fl-e7"/>
      </object_component>
      <object_component id="oc-80">
         <name>.text:ADCSequenceDataGet</name>
         <load_address>0x37e6</load_address>
         <run_address>0x37e6</run_address>
         <size>0x1e</size>
         <input_file_ref idref="fl-eb"/>
      </object_component>
      <object_component id="oc-373">
         <name>.text:GrFontCodepageGet</name>
         <load_address>0x3804</load_address>
         <run_address>0x3804</run_address>
         <size>0x1e</size>
         <input_file_ref idref="fl-e7"/>
      </object_component>
      <object_component id="oc-26c">
         <name>.text:_SysCtlMemTimingGet</name>
         <load_address>0x3824</load_address>
         <run_address>0x3824</run_address>
         <size>0x1c</size>
         <input_file_ref idref="fl-f0"/>
      </object_component>
      <object_component id="oc-4a">
         <name>.text:decompress:ZI:__TI_zero_init_nomemset:__TI_zero_init_nomemset</name>
         <load_address>0x3840</load_address>
         <run_address>0x3840</run_address>
         <size>0x1c</size>
         <input_file_ref idref="fl-c5"/>
      </object_component>
      <object_component id="oc-3ad">
         <name>.text:memccpy</name>
         <load_address>0x385c</load_address>
         <run_address>0x385c</run_address>
         <size>0x1c</size>
         <input_file_ref idref="fl-dc"/>
      </object_component>
      <object_component id="oc-4c4">
         <name>.text:copysign</name>
         <load_address>0x3878</load_address>
         <run_address>0x3878</run_address>
         <size>0x1a</size>
         <input_file_ref idref="fl-e4"/>
      </object_component>
      <object_component id="oc-1ed">
         <name>.text:GrContextFontSet</name>
         <load_address>0x3892</load_address>
         <run_address>0x3892</run_address>
         <size>0x6</size>
         <input_file_ref idref="fl-e7"/>
      </object_component>
      <object_component id="oc-24">
         <name>.text</name>
         <load_address>0x3898</load_address>
         <run_address>0x3898</run_address>
         <size>0x1a</size>
         <input_file_ref idref="fl-6"/>
      </object_component>
      <object_component id="oc-e3">
         <name>.text:ADCClockConfigSet</name>
         <load_address>0x38b2</load_address>
         <run_address>0x38b2</run_address>
         <size>0x18</size>
         <input_file_ref idref="fl-eb"/>
      </object_component>
      <object_component id="oc-71">
         <name>.text:ADCProcessorTrigger</name>
         <load_address>0x38ca</load_address>
         <run_address>0x38ca</run_address>
         <size>0x18</size>
         <input_file_ref idref="fl-eb"/>
      </object_component>
      <object_component id="oc-341">
         <name>.text:GPIOPinTypeGPIOOutput</name>
         <load_address>0x38e2</load_address>
         <run_address>0x38e2</run_address>
         <size>0x18</size>
         <input_file_ref idref="fl-ed"/>
      </object_component>
      <object_component id="oc-2cc">
         <name>.text:_outc</name>
         <load_address>0x38fa</load_address>
         <run_address>0x38fa</run_address>
         <size>0x18</size>
         <input_file_ref idref="fl-c3"/>
      </object_component>
      <object_component id="oc-1ff">
         <name>.text:GrStringDraw</name>
         <load_address>0x3912</load_address>
         <run_address>0x3912</run_address>
         <size>0x16</size>
         <input_file_ref idref="fl-e7"/>
      </object_component>
      <object_component id="oc-46c">
         <name>.text:strchr</name>
         <load_address>0x3928</load_address>
         <run_address>0x3928</run_address>
         <size>0x16</size>
         <input_file_ref idref="fl-dd"/>
      </object_component>
      <object_component id="oc-95">
         <name>.text:TimerDisable</name>
         <load_address>0x3940</load_address>
         <run_address>0x3940</run_address>
         <size>0x14</size>
         <input_file_ref idref="fl-f1"/>
      </object_component>
      <object_component id="oc-37e">
         <name>.text:strlen</name>
         <load_address>0x3954</load_address>
         <run_address>0x3954</run_address>
         <size>0x14</size>
         <input_file_ref idref="fl-de"/>
      </object_component>
      <object_component id="oc-d4">
         <name>.text:GPIOPinTypeADC</name>
         <load_address>0x3968</load_address>
         <run_address>0x3968</run_address>
         <size>0x12</size>
         <input_file_ref idref="fl-ed"/>
      </object_component>
      <object_component id="oc-c8">
         <name>.text:GPIOPinTypeGPIOInput</name>
         <load_address>0x397a</load_address>
         <run_address>0x397a</run_address>
         <size>0x12</size>
         <input_file_ref idref="fl-ed"/>
      </object_component>
      <object_component id="oc-335">
         <name>.text:GPIOPinTypeSSI</name>
         <load_address>0x398c</load_address>
         <run_address>0x398c</run_address>
         <size>0x12</size>
         <input_file_ref idref="fl-ed"/>
      </object_component>
      <object_component id="oc-aa">
         <name>.text:TimerLoadSet</name>
         <load_address>0x399e</load_address>
         <run_address>0x399e</run_address>
         <size>0x12</size>
         <input_file_ref idref="fl-f1"/>
      </object_component>
      <object_component id="oc-3b3">
         <name>.text:wcslen</name>
         <load_address>0x39b0</load_address>
         <run_address>0x39b0</run_address>
         <size>0x12</size>
         <input_file_ref idref="fl-e0"/>
      </object_component>
      <object_component id="oc-1c3">
         <name>.text:FPUEnable</name>
         <load_address>0x39c4</load_address>
         <run_address>0x39c4</run_address>
         <size>0x10</size>
         <input_file_ref idref="fl-ec"/>
      </object_component>
      <object_component id="oc-1c9">
         <name>.text:FPULazyStackingEnable</name>
         <load_address>0x39d4</load_address>
         <run_address>0x39d4</run_address>
         <size>0x10</size>
         <input_file_ref idref="fl-ec"/>
      </object_component>
      <object_component id="oc-1bd">
         <name>.text:IntMasterDisable</name>
         <load_address>0x39e4</load_address>
         <run_address>0x39e4</run_address>
         <size>0x10</size>
         <input_file_ref idref="fl-ee"/>
      </object_component>
      <object_component id="oc-1db">
         <name>.text:IntMasterEnable</name>
         <load_address>0x39f4</load_address>
         <run_address>0x39f4</run_address>
         <size>0x10</size>
         <input_file_ref idref="fl-ee"/>
      </object_component>
      <object_component id="oc-e9">
         <name>.text:ADCSequenceDisable</name>
         <load_address>0x3a04</load_address>
         <run_address>0x3a04</run_address>
         <size>0xe</size>
         <input_file_ref idref="fl-eb"/>
      </object_component>
      <object_component id="oc-fb">
         <name>.text:ADCSequenceEnable</name>
         <load_address>0x3a12</load_address>
         <run_address>0x3a12</run_address>
         <size>0xe</size>
         <input_file_ref idref="fl-eb"/>
      </object_component>
      <object_component id="oc-b6">
         <name>.text:TimerEnable</name>
         <load_address>0x3a20</load_address>
         <run_address>0x3a20</run_address>
         <size>0xe</size>
         <input_file_ref idref="fl-f1"/>
      </object_component>
      <object_component id="oc-18">
         <name>.text:decompress:none:__TI_decompress_none</name>
         <load_address>0x3a2e</load_address>
         <run_address>0x3a2e</run_address>
         <size>0xe</size>
         <input_file_ref idref="fl-c6"/>
      </object_component>
      <object_component id="oc-263">
         <name>.text:CPUcpsid</name>
         <load_address>0x3a3c</load_address>
         <run_address>0x3a3c</run_address>
         <size>0xc</size>
         <input_file_ref idref="fl-f2"/>
      </object_component>
      <object_component id="oc-294">
         <name>.text:CPUcpsie</name>
         <load_address>0x3a48</load_address>
         <run_address>0x3a48</run_address>
         <size>0xc</size>
         <input_file_ref idref="fl-f2"/>
      </object_component>
      <object_component id="oc-86">
         <name>.text:ADCIntClear</name>
         <load_address>0x3a54</load_address>
         <run_address>0x3a54</run_address>
         <size>0xa</size>
         <input_file_ref idref="fl-eb"/>
      </object_component>
      <object_component id="oc-317">
         <name>.text:SSIDataPut</name>
         <load_address>0x3a5e</load_address>
         <run_address>0x3a5e</run_address>
         <size>0xa</size>
         <input_file_ref idref="fl-ef"/>
      </object_component>
      <object_component id="oc-32f">
         <name>.text:SSIEnable</name>
         <load_address>0x3a68</load_address>
         <run_address>0x3a68</run_address>
         <size>0xa</size>
         <input_file_ref idref="fl-ef"/>
      </object_component>
      <object_component id="oc-365">
         <name>.text:GrMapISO8859_1_Unicode</name>
         <load_address>0x3a72</load_address>
         <run_address>0x3a72</run_address>
         <size>0x8</size>
         <input_file_ref idref="fl-e9"/>
      </object_component>
      <object_component id="oc-31d">
         <name>.text:SSIBusy</name>
         <load_address>0x3a7a</load_address>
         <run_address>0x3a7a</run_address>
         <size>0x8</size>
         <input_file_ref idref="fl-ef"/>
      </object_component>
      <object_component id="oc-b0">
         <name>.text:TimerIntEnable</name>
         <load_address>0x3a82</load_address>
         <run_address>0x3a82</run_address>
         <size>0x8</size>
         <input_file_ref idref="fl-f1"/>
      </object_component>
      <object_component id="oc-3b9">
         <name>.text:__aeabi_errno_addr</name>
         <load_address>0x3a8c</load_address>
         <run_address>0x3a8c</run_address>
         <size>0x8</size>
         <input_file_ref idref="fl-df"/>
      </object_component>
      <object_component id="oc-28c">
         <name>.text:SysCtlDelay</name>
         <load_address>0x3a94</load_address>
         <run_address>0x3a94</run_address>
         <size>0x6</size>
         <input_file_ref idref="fl-f0"/>
      </object_component>
      <object_component id="oc-103">
         <name>.text:TimerIntClear</name>
         <load_address>0x3a9a</load_address>
         <run_address>0x3a9a</run_address>
         <size>0x4</size>
         <input_file_ref idref="fl-f1"/>
      </object_component>
      <object_component id="oc-13f">
         <name>.text:_system_pre_init</name>
         <load_address>0x3a9e</load_address>
         <run_address>0x3a9e</run_address>
         <size>0x4</size>
         <input_file_ref idref="fl-d4"/>
      </object_component>
      <object_component id="oc-206">
         <name>.text:abort:abort</name>
         <load_address>0x3aa2</load_address>
         <run_address>0x3aa2</run_address>
         <size>0x4</size>
         <input_file_ref idref="fl-d6"/>
      </object_component>
      <object_component id="oc-2aa">
         <name>.const:.string:g_pui8FontFixed6x8Data</name>
         <load_address>0x3aa8</load_address>
         <run_address>0x3aa8</run_address>
         <size>0x2f8</size>
         <input_file_ref idref="fl-e8"/>
      </object_component>
      <object_component id="oc-27b">
         <name>.const:g_pppui32XTALtoVCO</name>
         <load_address>0x3da0</load_address>
         <run_address>0x3da0</run_address>
         <size>0x120</size>
         <input_file_ref idref="fl-f0"/>
      </object_component>
      <object_component id="oc-415">
         <name>.const:.string:_ctypes_</name>
         <load_address>0x3ec0</load_address>
         <run_address>0x3ec0</run_address>
         <size>0x101</size>
         <input_file_ref idref="fl-da"/>
      </object_component>
      <object_component id="oc-1ea">
         <name>.const:g_sFontFixed6x8</name>
         <load_address>0x3fc4</load_address>
         <run_address>0x3fc4</run_address>
         <size>0xc8</size>
         <input_file_ref idref="fl-e8"/>
      </object_component>
      <object_component id="oc-182">
         <name>.const:g_pui32Regs</name>
         <load_address>0x408c</load_address>
         <run_address>0x408c</run_address>
         <size>0x9c</size>
         <input_file_ref idref="fl-ee"/>
      </object_component>
      <object_component id="oc-3f9">
         <name>.const:g_pui32GPIOBaseAddrs</name>
         <load_address>0x4128</load_address>
         <run_address>0x4128</run_address>
         <size>0x90</size>
         <input_file_ref idref="fl-ed"/>
      </object_component>
      <object_component id="oc-187">
         <name>.const</name>
         <load_address>0x41b8</load_address>
         <run_address>0x41b8</run_address>
         <size>0x70</size>
         <input_file_ref idref="fl-ee"/>
      </object_component>
      <object_component id="oc-278">
         <name>.const:g_pui32Xtals</name>
         <load_address>0x4228</load_address>
         <run_address>0x4228</run_address>
         <size>0x6c</size>
         <input_file_ref idref="fl-f0"/>
      </object_component>
      <object_component id="oc-30c">
         <name>.const:g_sXTALtoMEMTIM</name>
         <load_address>0x4294</load_address>
         <run_address>0x4294</run_address>
         <size>0x30</size>
         <input_file_ref idref="fl-f0"/>
      </object_component>
      <object_component id="oc-1e1">
         <name>.const:g_sCrystalfontz128x128</name>
         <load_address>0x42c4</load_address>
         <run_address>0x42c4</run_address>
         <size>0x28</size>
         <input_file_ref idref="fl-1"/>
      </object_component>
      <object_component id="oc-2a3">
         <name>.const</name>
         <load_address>0x42ec</load_address>
         <run_address>0x42ec</run_address>
         <size>0x10</size>
         <input_file_ref idref="fl-e5"/>
      </object_component>
      <object_component id="oc-27e">
         <name>.const</name>
         <load_address>0x42fc</load_address>
         <run_address>0x42fc</run_address>
         <size>0x8</size>
         <input_file_ref idref="fl-f0"/>
      </object_component>
      <object_component id="oc-51a">
         <name>.cinit..data.load</name>
         <load_address>0x4308</load_address>
         <run_address>0x4308</run_address>
         <size>0x14</size>
      </object_component>
      <object_component id="oc-518">
         <name>__TI_handler_table</name>
         <load_address>0x431c</load_address>
         <run_address>0x431c</run_address>
         <size>0xc</size>
      </object_component>
      <object_component id="oc-51b">
         <name>.cinit..bss.load</name>
         <load_address>0x4328</load_address>
         <run_address>0x4328</run_address>
         <size>0x8</size>
      </object_component>
      <object_component id="oc-519">
         <name>__TI_cinit_table</name>
         <load_address>0x4330</load_address>
         <run_address>0x4330</run_address>
         <size>0x10</size>
      </object_component>
      <object_component id="oc-289">
         <name>.data:Lcd_buffer</name>
         <load_address>0x20000000</load_address>
         <run_address>0x20000000</run_address>
         <size>0x8000</size>
         <input_file_ref idref="fl-1"/>
      </object_component>
      <object_component id="oc-8c">
         <name>.data</name>
         <load_address>0x2000802c</load_address>
         <run_address>0x2000802c</run_address>
         <size>0x6</size>
         <input_file_ref idref="fl-3"/>
      </object_component>
      <object_component id="oc-7d">
         <name>.data:gJoystick</name>
         <load_address>0x20008024</load_address>
         <run_address>0x20008024</run_address>
         <size>0x8</size>
         <input_file_ref idref="fl-3"/>
      </object_component>
      <object_component id="oc-102">
         <name>.data:count$2</name>
         <load_address>0x20008000</load_address>
         <run_address>0x20008000</run_address>
         <size>0x24</size>
         <input_file_ref idref="fl-3"/>
      </object_component>
      <object_component id="oc-10f">
         <name>.data</name>
         <load_address>0x20008034</load_address>
         <run_address>0x20008034</run_address>
         <size>0x4</size>
         <input_file_ref idref="fl-4"/>
      </object_component>
      <object_component id="oc-47c">
         <name>.data</name>
         <load_address>0x20008038</load_address>
         <run_address>0x20008038</run_address>
         <size>0x4</size>
         <input_file_ref idref="fl-df"/>
      </object_component>
      <object_component id="oc-101">
         <name>.bss:state$1</name>
         <uninitialized>true</uninitialized>
         <run_address>0x20008840</run_address>
         <size>0x14</size>
         <input_file_ref idref="fl-3"/>
      </object_component>
      <object_component id="oc-282">
         <name>.common:Lcd_Orientation</name>
         <uninitialized>true</uninitialized>
         <run_address>0x20008868</run_address>
         <size>0x1</size>
      </object_component>
      <object_component id="oc-28e">
         <name>.common:Lcd_ScreenWidth</name>
         <uninitialized>true</uninitialized>
         <run_address>0x20008862</run_address>
         <size>0x2</size>
      </object_component>
      <object_component id="oc-28d">
         <name>.common:Lcd_ScreenHeigth</name>
         <uninitialized>true</uninitialized>
         <run_address>0x20008860</run_address>
         <size>0x2</size>
      </object_component>
      <object_component id="oc-28f">
         <name>.common:Lcd_PenSolid</name>
         <uninitialized>true</uninitialized>
         <run_address>0x20008869</run_address>
         <size>0x1</size>
      </object_component>
      <object_component id="oc-290">
         <name>.common:Lcd_FontSolid</name>
         <uninitialized>true</uninitialized>
         <run_address>0x20008867</run_address>
         <size>0x1</size>
      </object_component>
      <object_component id="oc-291">
         <name>.common:Lcd_FlagRead</name>
         <uninitialized>true</uninitialized>
         <run_address>0x20008866</run_address>
         <size>0x1</size>
      </object_component>
      <object_component id="oc-292">
         <name>.common:Lcd_TouchTrim</name>
         <uninitialized>true</uninitialized>
         <run_address>0x20008864</run_address>
         <size>0x2</size>
      </object_component>
      <object_component id="oc-e0">
         <name>.common:gADCSamplingRate</name>
         <uninitialized>true</uninitialized>
         <run_address>0x20008854</run_address>
         <size>0x4</size>
      </object_component>
      <object_component id="oc-a1">
         <name>.common:gSystemClock</name>
         <uninitialized>true</uninitialized>
         <run_address>0x20008858</run_address>
         <size>0x4</size>
      </object_component>
      <object_component id="oc-2a6">
         <name>.common:g_psGrLibDefaults</name>
         <uninitialized>true</uninitialized>
         <run_address>0x2000885c</run_address>
         <size>0x4</size>
      </object_component>
      <object_component id="oc-21">
         <name>.stack</name>
         <uninitialized>true</uninitialized>
         <run_address>0x20008040</run_address>
         <size>0x4</size>
         <input_file_ref idref="fl-c8"/>
      </object_component>
      <object_component id="oc-51c">
         <name>.stack</name>
         <uninitialized>true</uninitialized>
         <run_address>0x20008040</run_address>
         <size>0x0</size>
      </object_component>
      <object_component id="oc-1ab">
         <name>.debug_info</name>
         <load_address>0x0</load_address>
         <run_address>0x0</run_address>
         <size>0x6e9</size>
         <input_file_ref idref="fl-1"/>
      </object_component>
      <object_component id="oc-28a">
         <name>.debug_info</name>
         <load_address>0x6e9</load_address>
         <run_address>0x6e9</run_address>
         <size>0xef</size>
         <input_file_ref idref="fl-1"/>
      </object_component>
      <object_component id="oc-1e2">
         <name>.debug_info</name>
         <load_address>0x7d8</load_address>
         <run_address>0x7d8</run_address>
         <size>0x108</size>
         <input_file_ref idref="fl-1"/>
      </object_component>
      <object_component id="oc-1d6">
         <name>.debug_info</name>
         <load_address>0x8e0</load_address>
         <run_address>0x8e0</run_address>
         <size>0x10e4</size>
         <input_file_ref idref="fl-1"/>
      </object_component>
      <object_component id="oc-16d">
         <name>.debug_info</name>
         <load_address>0x19c4</load_address>
         <run_address>0x19c4</run_address>
         <size>0x6bd</size>
         <input_file_ref idref="fl-1"/>
      </object_component>
      <object_component id="oc-11f">
         <name>.debug_info</name>
         <load_address>0x2081</load_address>
         <run_address>0x2081</run_address>
         <size>0x26b</size>
         <input_file_ref idref="fl-1"/>
      </object_component>
      <object_component id="oc-118">
         <name>.debug_info</name>
         <load_address>0x22ec</load_address>
         <run_address>0x22ec</run_address>
         <size>0x8b</size>
         <input_file_ref idref="fl-1"/>
      </object_component>
      <object_component id="oc-1a6">
         <name>.debug_info</name>
         <load_address>0x2377</load_address>
         <run_address>0x2377</run_address>
         <size>0x297</size>
         <input_file_ref idref="fl-1"/>
      </object_component>
      <object_component id="oc-196">
         <name>.debug_info</name>
         <load_address>0x260e</load_address>
         <run_address>0x260e</run_address>
         <size>0xef</size>
         <input_file_ref idref="fl-1"/>
      </object_component>
      <object_component id="oc-113">
         <name>.debug_info</name>
         <load_address>0x26fd</load_address>
         <run_address>0x26fd</run_address>
         <size>0xbb</size>
         <input_file_ref idref="fl-1"/>
      </object_component>
      <object_component id="oc-348">
         <name>.debug_info</name>
         <load_address>0x27b8</load_address>
         <run_address>0x27b8</run_address>
         <size>0x6a9</size>
         <input_file_ref idref="fl-2"/>
      </object_component>
      <object_component id="oc-284">
         <name>.debug_info</name>
         <load_address>0x2e61</load_address>
         <run_address>0x2e61</run_address>
         <size>0x609</size>
         <input_file_ref idref="fl-2"/>
      </object_component>
      <object_component id="oc-e1">
         <name>.debug_info</name>
         <load_address>0x346a</load_address>
         <run_address>0x346a</run_address>
         <size>0x852</size>
         <input_file_ref idref="fl-3"/>
      </object_component>
      <object_component id="oc-8d">
         <name>.debug_info</name>
         <load_address>0x3cbc</load_address>
         <run_address>0x3cbc</run_address>
         <size>0xd8</size>
         <input_file_ref idref="fl-3"/>
      </object_component>
      <object_component id="oc-7e">
         <name>.debug_info</name>
         <load_address>0x3d94</load_address>
         <run_address>0x3d94</run_address>
         <size>0xda</size>
         <input_file_ref idref="fl-3"/>
      </object_component>
      <object_component id="oc-2b">
         <name>.debug_info</name>
         <load_address>0x3e6e</load_address>
         <run_address>0x3e6e</run_address>
         <size>0x8a2</size>
         <input_file_ref idref="fl-3"/>
      </object_component>
      <object_component id="oc-a2">
         <name>.debug_info</name>
         <load_address>0x4710</load_address>
         <run_address>0x4710</run_address>
         <size>0x82a</size>
         <input_file_ref idref="fl-4"/>
      </object_component>
      <object_component id="oc-110">
         <name>.debug_info</name>
         <load_address>0x4f3a</load_address>
         <run_address>0x4f3a</run_address>
         <size>0xcf</size>
         <input_file_ref idref="fl-4"/>
      </object_component>
      <object_component id="oc-146">
         <name>.debug_info</name>
         <load_address>0x5009</load_address>
         <run_address>0x5009</run_address>
         <size>0x2d3</size>
         <input_file_ref idref="fl-4"/>
      </object_component>
      <object_component id="oc-172">
         <name>.debug_info</name>
         <load_address>0x52dc</load_address>
         <run_address>0x52dc</run_address>
         <size>0xcc</size>
         <input_file_ref idref="fl-4"/>
      </object_component>
      <object_component id="oc-2de">
         <name>.debug_info</name>
         <load_address>0x53a8</load_address>
         <run_address>0x53a8</run_address>
         <size>0x2c</size>
         <input_file_ref idref="fl-4"/>
      </object_component>
      <object_component id="oc-db">
         <name>.debug_info</name>
         <load_address>0x53d4</load_address>
         <run_address>0x53d4</run_address>
         <size>0x1b3</size>
         <input_file_ref idref="fl-5"/>
      </object_component>
      <object_component id="oc-39">
         <name>.debug_info</name>
         <load_address>0x5587</load_address>
         <run_address>0x5587</run_address>
         <size>0x84</size>
         <input_file_ref idref="fl-5"/>
      </object_component>
      <object_component id="oc-32">
         <name>.debug_info</name>
         <load_address>0x560b</load_address>
         <run_address>0x560b</run_address>
         <size>0x2cd</size>
         <input_file_ref idref="fl-6"/>
      </object_component>
      <object_component id="oc-10">
         <name>.debug_info</name>
         <load_address>0x58d8</load_address>
         <run_address>0x58d8</run_address>
         <size>0xf2</size>
         <input_file_ref idref="fl-6"/>
      </object_component>
      <object_component id="oc-25">
         <name>.debug_info</name>
         <load_address>0x59ca</load_address>
         <run_address>0x59ca</run_address>
         <size>0x271</size>
         <input_file_ref idref="fl-6"/>
      </object_component>
      <object_component id="oc-17e">
         <name>.debug_info</name>
         <load_address>0x5c3b</load_address>
         <run_address>0x5c3b</run_address>
         <size>0x2b2</size>
         <input_file_ref idref="fl-c2"/>
      </object_component>
      <object_component id="oc-a5">
         <name>.debug_info</name>
         <load_address>0x5eed</load_address>
         <run_address>0x5eed</run_address>
         <size>0x188</size>
         <input_file_ref idref="fl-c2"/>
      </object_component>
      <object_component id="oc-2d3">
         <name>.debug_info</name>
         <load_address>0x6075</load_address>
         <run_address>0x6075</run_address>
         <size>0x339</size>
         <input_file_ref idref="fl-c3"/>
      </object_component>
      <object_component id="oc-1fd">
         <name>.debug_info</name>
         <load_address>0x63ae</load_address>
         <run_address>0x63ae</run_address>
         <size>0x1ed</size>
         <input_file_ref idref="fl-c3"/>
      </object_component>
      <object_component id="oc-2ca">
         <name>.debug_info</name>
         <load_address>0x659b</load_address>
         <run_address>0x659b</run_address>
         <size>0x1c2</size>
         <input_file_ref idref="fl-c3"/>
      </object_component>
      <object_component id="oc-2cf">
         <name>.debug_info</name>
         <load_address>0x675d</load_address>
         <run_address>0x675d</run_address>
         <size>0x175</size>
         <input_file_ref idref="fl-c3"/>
      </object_component>
      <object_component id="oc-2d4">
         <name>.debug_info</name>
         <load_address>0x68d2</load_address>
         <run_address>0x68d2</run_address>
         <size>0x2c</size>
         <input_file_ref idref="fl-c3"/>
      </object_component>
      <object_component id="oc-2d9">
         <name>.debug_info</name>
         <load_address>0x68fe</load_address>
         <run_address>0x68fe</run_address>
         <size>0x69</size>
         <input_file_ref idref="fl-c3"/>
      </object_component>
      <object_component id="oc-40">
         <name>.debug_info</name>
         <load_address>0x6967</load_address>
         <run_address>0x6967</run_address>
         <size>0x118</size>
         <input_file_ref idref="fl-c4"/>
      </object_component>
      <object_component id="oc-138">
         <name>.debug_info</name>
         <load_address>0x6a7f</load_address>
         <run_address>0x6a7f</run_address>
         <size>0x2d3</size>
         <input_file_ref idref="fl-c5"/>
      </object_component>
      <object_component id="oc-4b">
         <name>.debug_info</name>
         <load_address>0x6d52</load_address>
         <run_address>0x6d52</run_address>
         <size>0x1d1</size>
         <input_file_ref idref="fl-c5"/>
      </object_component>
      <object_component id="oc-133">
         <name>.debug_info</name>
         <load_address>0x6f23</load_address>
         <run_address>0x6f23</run_address>
         <size>0x46</size>
         <input_file_ref idref="fl-c5"/>
      </object_component>
      <object_component id="oc-1b4">
         <name>.debug_info</name>
         <load_address>0x6f69</load_address>
         <run_address>0x6f69</run_address>
         <size>0x2c</size>
         <input_file_ref idref="fl-c5"/>
      </object_component>
      <object_component id="oc-49">
         <name>.debug_info</name>
         <load_address>0x6f95</load_address>
         <run_address>0x6f95</run_address>
         <size>0x2a7</size>
         <input_file_ref idref="fl-c6"/>
      </object_component>
      <object_component id="oc-19">
         <name>.debug_info</name>
         <load_address>0x723c</load_address>
         <run_address>0x723c</run_address>
         <size>0x1e9</size>
         <input_file_ref idref="fl-c6"/>
      </object_component>
      <object_component id="oc-44">
         <name>.debug_info</name>
         <load_address>0x7425</load_address>
         <run_address>0x7425</run_address>
         <size>0x46</size>
         <input_file_ref idref="fl-c6"/>
      </object_component>
      <object_component id="oc-12b">
         <name>.debug_info</name>
         <load_address>0x746b</load_address>
         <run_address>0x746b</run_address>
         <size>0x2c</size>
         <input_file_ref idref="fl-c6"/>
      </object_component>
      <object_component id="oc-129">
         <name>.debug_info</name>
         <load_address>0x7497</load_address>
         <run_address>0x7497</run_address>
         <size>0x29d</size>
         <input_file_ref idref="fl-c7"/>
      </object_component>
      <object_component id="oc-13">
         <name>.debug_info</name>
         <load_address>0x7734</load_address>
         <run_address>0x7734</run_address>
         <size>0x24f</size>
         <input_file_ref idref="fl-c7"/>
      </object_component>
      <object_component id="oc-34">
         <name>.debug_info</name>
         <load_address>0x7983</load_address>
         <run_address>0x7983</run_address>
         <size>0x60</size>
         <input_file_ref idref="fl-c7"/>
      </object_component>
      <object_component id="oc-1ad">
         <name>.debug_info</name>
         <load_address>0x79e3</load_address>
         <run_address>0x79e3</run_address>
         <size>0x46</size>
         <input_file_ref idref="fl-c7"/>
      </object_component>
      <object_component id="oc-124">
         <name>.debug_info</name>
         <load_address>0x7a29</load_address>
         <run_address>0x7a29</run_address>
         <size>0x39</size>
         <input_file_ref idref="fl-c7"/>
      </object_component>
      <object_component id="oc-22">
         <name>.debug_info</name>
         <load_address>0x7a62</load_address>
         <run_address>0x7a62</run_address>
         <size>0x10a</size>
         <input_file_ref idref="fl-c8"/>
      </object_component>
      <object_component id="oc-5d">
         <name>.debug_info</name>
         <load_address>0x7b6c</load_address>
         <run_address>0x7b6c</run_address>
         <size>0x1a8</size>
         <input_file_ref idref="fl-c8"/>
      </object_component>
      <object_component id="oc-250">
         <name>.debug_info</name>
         <load_address>0x7d14</load_address>
         <run_address>0x7d14</run_address>
         <size>0x28f</size>
         <input_file_ref idref="fl-c9"/>
      </object_component>
      <object_component id="oc-178">
         <name>.debug_info</name>
         <load_address>0x7fa3</load_address>
         <run_address>0x7fa3</run_address>
         <size>0x181</size>
         <input_file_ref idref="fl-c9"/>
      </object_component>
      <object_component id="oc-306">
         <name>.debug_info</name>
         <load_address>0x8124</load_address>
         <run_address>0x8124</run_address>
         <size>0x46</size>
         <input_file_ref idref="fl-c9"/>
      </object_component>
      <object_component id="oc-251">
         <name>.debug_info</name>
         <load_address>0x816a</load_address>
         <run_address>0x816a</run_address>
         <size>0x39</size>
         <input_file_ref idref="fl-c9"/>
      </object_component>
      <object_component id="oc-3c0">
         <name>.debug_info</name>
         <load_address>0x81a3</load_address>
         <run_address>0x81a3</run_address>
         <size>0x57a</size>
         <input_file_ref idref="fl-ca"/>
      </object_component>
      <object_component id="oc-38e">
         <name>.debug_info</name>
         <load_address>0x871d</load_address>
         <run_address>0x871d</run_address>
         <size>0x21d</size>
         <input_file_ref idref="fl-ca"/>
      </object_component>
      <object_component id="oc-449">
         <name>.debug_info</name>
         <load_address>0x893a</load_address>
         <run_address>0x893a</run_address>
         <size>0x1b2</size>
         <input_file_ref idref="fl-ca"/>
      </object_component>
      <object_component id="oc-44f">
         <name>.debug_info</name>
         <load_address>0x8aec</load_address>
         <run_address>0x8aec</run_address>
         <size>0x21a</size>
         <input_file_ref idref="fl-ca"/>
      </object_component>
      <object_component id="oc-399">
         <name>.debug_info</name>
         <load_address>0x8d06</load_address>
         <run_address>0x8d06</run_address>
         <size>0x3ba</size>
         <input_file_ref idref="fl-ca"/>
      </object_component>
      <object_component id="oc-456">
         <name>.debug_info</name>
         <load_address>0x90c0</load_address>
         <run_address>0x90c0</run_address>
         <size>0x304</size>
         <input_file_ref idref="fl-ca"/>
      </object_component>
      <object_component id="oc-45c">
         <name>.debug_info</name>
         <load_address>0x93c4</load_address>
         <run_address>0x93c4</run_address>
         <size>0x214</size>
         <input_file_ref idref="fl-ca"/>
      </object_component>
      <object_component id="oc-39f">
         <name>.debug_info</name>
         <load_address>0x95d8</load_address>
         <run_address>0x95d8</run_address>
         <size>0x214</size>
         <input_file_ref idref="fl-ca"/>
      </object_component>
      <object_component id="oc-3a5">
         <name>.debug_info</name>
         <load_address>0x97ec</load_address>
         <run_address>0x97ec</run_address>
         <size>0x303</size>
         <input_file_ref idref="fl-ca"/>
      </object_component>
      <object_component id="oc-3ab">
         <name>.debug_info</name>
         <load_address>0x9aef</load_address>
         <run_address>0x9aef</run_address>
         <size>0x4af</size>
         <input_file_ref idref="fl-ca"/>
      </object_component>
      <object_component id="oc-2c4">
         <name>.debug_info</name>
         <load_address>0x9f9e</load_address>
         <run_address>0x9f9e</run_address>
         <size>0x5f3</size>
         <input_file_ref idref="fl-ca"/>
      </object_component>
      <object_component id="oc-3c1">
         <name>.debug_info</name>
         <load_address>0xa591</load_address>
         <run_address>0xa591</run_address>
         <size>0x86</size>
         <input_file_ref idref="fl-ca"/>
      </object_component>
      <object_component id="oc-483">
         <name>.debug_info</name>
         <load_address>0xa617</load_address>
         <run_address>0xa617</run_address>
         <size>0x39</size>
         <input_file_ref idref="fl-ca"/>
      </object_component>
      <object_component id="oc-4db">
         <name>.debug_info</name>
         <load_address>0xa650</load_address>
         <run_address>0xa650</run_address>
         <size>0xb6</size>
         <input_file_ref idref="fl-ca"/>
      </object_component>
      <object_component id="oc-488">
         <name>.debug_info</name>
         <load_address>0xa706</load_address>
         <run_address>0xa706</run_address>
         <size>0x46</size>
         <input_file_ref idref="fl-ca"/>
      </object_component>
      <object_component id="oc-3c6">
         <name>.debug_info</name>
         <load_address>0xa74c</load_address>
         <run_address>0xa74c</run_address>
         <size>0x46</size>
         <input_file_ref idref="fl-ca"/>
      </object_component>
      <object_component id="oc-442">
         <name>.debug_info</name>
         <load_address>0xa792</load_address>
         <run_address>0xa792</run_address>
         <size>0x14b</size>
         <input_file_ref idref="fl-cb"/>
      </object_component>
      <object_component id="oc-391">
         <name>.debug_info</name>
         <load_address>0xa8dd</load_address>
         <run_address>0xa8dd</run_address>
         <size>0x127</size>
         <input_file_ref idref="fl-cc"/>
      </object_component>
      <object_component id="oc-42c">
         <name>.debug_info</name>
         <load_address>0xaa04</load_address>
         <run_address>0xaa04</run_address>
         <size>0x129</size>
         <input_file_ref idref="fl-cc"/>
      </object_component>
      <object_component id="oc-427">
         <name>.debug_info</name>
         <load_address>0xab2d</load_address>
         <run_address>0xab2d</run_address>
         <size>0x139</size>
         <input_file_ref idref="fl-cd"/>
      </object_component>
      <object_component id="oc-422">
         <name>.debug_info</name>
         <load_address>0xac66</load_address>
         <run_address>0xac66</run_address>
         <size>0x139</size>
         <input_file_ref idref="fl-ce"/>
      </object_component>
      <object_component id="oc-431">
         <name>.debug_info</name>
         <load_address>0xad9f</load_address>
         <run_address>0xad9f</run_address>
         <size>0x12d</size>
         <input_file_ref idref="fl-cf"/>
      </object_component>
      <object_component id="oc-43c">
         <name>.debug_info</name>
         <load_address>0xaecc</load_address>
         <run_address>0xaecc</run_address>
         <size>0x12b</size>
         <input_file_ref idref="fl-d0"/>
      </object_component>
      <object_component id="oc-41b">
         <name>.debug_info</name>
         <load_address>0xaff7</load_address>
         <run_address>0xaff7</run_address>
         <size>0x133</size>
         <input_file_ref idref="fl-d1"/>
      </object_component>
      <object_component id="oc-13a">
         <name>.debug_info</name>
         <load_address>0xb12a</load_address>
         <run_address>0xb12a</run_address>
         <size>0x146</size>
         <input_file_ref idref="fl-d2"/>
      </object_component>
      <object_component id="oc-2ef">
         <name>.debug_info</name>
         <load_address>0xb270</load_address>
         <run_address>0xb270</run_address>
         <size>0x4b2</size>
         <input_file_ref idref="fl-d3"/>
      </object_component>
      <object_component id="oc-213">
         <name>.debug_info</name>
         <load_address>0xb722</load_address>
         <run_address>0xb722</run_address>
         <size>0x1a5</size>
         <input_file_ref idref="fl-d3"/>
      </object_component>
      <object_component id="oc-3df">
         <name>.debug_info</name>
         <load_address>0xb8c7</load_address>
         <run_address>0xb8c7</run_address>
         <size>0x39</size>
         <input_file_ref idref="fl-d3"/>
      </object_component>
      <object_component id="oc-490">
         <name>.debug_info</name>
         <load_address>0xb900</load_address>
         <run_address>0xb900</run_address>
         <size>0x39</size>
         <input_file_ref idref="fl-d3"/>
      </object_component>
      <object_component id="oc-3e4">
         <name>.debug_info</name>
         <load_address>0xb939</load_address>
         <run_address>0xb939</run_address>
         <size>0x39</size>
         <input_file_ref idref="fl-d3"/>
      </object_component>
      <object_component id="oc-3e9">
         <name>.debug_info</name>
         <load_address>0xb972</load_address>
         <run_address>0xb972</run_address>
         <size>0xcd</size>
         <input_file_ref idref="fl-d3"/>
      </object_component>
      <object_component id="oc-140">
         <name>.debug_info</name>
         <load_address>0xba3f</load_address>
         <run_address>0xba3f</run_address>
         <size>0x152</size>
         <input_file_ref idref="fl-d4"/>
      </object_component>
      <object_component id="oc-207">
         <name>.debug_info</name>
         <load_address>0xbb91</load_address>
         <run_address>0xbb91</run_address>
         <size>0x121</size>
         <input_file_ref idref="fl-d6"/>
      </object_component>
      <object_component id="oc-419">
         <name>.debug_info</name>
         <load_address>0xbcb2</load_address>
         <run_address>0xbcb2</run_address>
         <size>0x2b8</size>
         <input_file_ref idref="fl-d9"/>
      </object_component>
      <object_component id="oc-385">
         <name>.debug_info</name>
         <load_address>0xbf6a</load_address>
         <run_address>0xbf6a</run_address>
         <size>0x17b</size>
         <input_file_ref idref="fl-d9"/>
      </object_component>
      <object_component id="oc-4a8">
         <name>.debug_info</name>
         <load_address>0xc0e5</load_address>
         <run_address>0xc0e5</run_address>
         <size>0xf8</size>
         <input_file_ref idref="fl-da"/>
      </object_component>
      <object_component id="oc-416">
         <name>.debug_info</name>
         <load_address>0xc1dd</load_address>
         <run_address>0xc1dd</run_address>
         <size>0x104</size>
         <input_file_ref idref="fl-da"/>
      </object_component>
      <object_component id="oc-4b6">
         <name>.debug_info</name>
         <load_address>0xc2e1</load_address>
         <run_address>0xc2e1</run_address>
         <size>0x29a</size>
         <input_file_ref idref="fl-db"/>
      </object_component>
      <object_component id="oc-436">
         <name>.debug_info</name>
         <load_address>0xc57b</load_address>
         <run_address>0xc57b</run_address>
         <size>0x1cc</size>
         <input_file_ref idref="fl-db"/>
      </object_component>
      <object_component id="oc-474">
         <name>.debug_info</name>
         <load_address>0xc747</load_address>
         <run_address>0xc747</run_address>
         <size>0x295</size>
         <input_file_ref idref="fl-dc"/>
      </object_component>
      <object_component id="oc-3ae">
         <name>.debug_info</name>
         <load_address>0xc9dc</load_address>
         <run_address>0xc9dc</run_address>
         <size>0x1b5</size>
         <input_file_ref idref="fl-dc"/>
      </object_component>
      <object_component id="oc-4cd">
         <name>.debug_info</name>
         <load_address>0xcb91</load_address>
         <run_address>0xcb91</run_address>
         <size>0x299</size>
         <input_file_ref idref="fl-dd"/>
      </object_component>
      <object_component id="oc-46d">
         <name>.debug_info</name>
         <load_address>0xce2a</load_address>
         <run_address>0xce2a</run_address>
         <size>0x25d</size>
         <input_file_ref idref="fl-dd"/>
      </object_component>
      <object_component id="oc-414">
         <name>.debug_info</name>
         <load_address>0xd087</load_address>
         <run_address>0xd087</run_address>
         <size>0x28e</size>
         <input_file_ref idref="fl-de"/>
      </object_component>
      <object_component id="oc-37f">
         <name>.debug_info</name>
         <load_address>0xd315</load_address>
         <run_address>0xd315</run_address>
         <size>0x240</size>
         <input_file_ref idref="fl-de"/>
      </object_component>
      <object_component id="oc-480">
         <name>.debug_info</name>
         <load_address>0xd555</load_address>
         <run_address>0xd555</run_address>
         <size>0x288</size>
         <input_file_ref idref="fl-df"/>
      </object_component>
      <object_component id="oc-47d">
         <name>.debug_info</name>
         <load_address>0xd7dd</load_address>
         <run_address>0xd7dd</run_address>
         <size>0x10d</size>
         <input_file_ref idref="fl-df"/>
      </object_component>
      <object_component id="oc-3ba">
         <name>.debug_info</name>
         <load_address>0xd8ea</load_address>
         <run_address>0xd8ea</run_address>
         <size>0x14d</size>
         <input_file_ref idref="fl-df"/>
      </object_component>
      <object_component id="oc-47b">
         <name>.debug_info</name>
         <load_address>0xda37</load_address>
         <run_address>0xda37</run_address>
         <size>0x28e</size>
         <input_file_ref idref="fl-e0"/>
      </object_component>
      <object_component id="oc-3b4">
         <name>.debug_info</name>
         <load_address>0xdcc5</load_address>
         <run_address>0xdcc5</run_address>
         <size>0x159</size>
         <input_file_ref idref="fl-e0"/>
      </object_component>
      <object_component id="oc-4d0">
         <name>.debug_info</name>
         <load_address>0xde1e</load_address>
         <run_address>0xde1e</run_address>
         <size>0x46</size>
         <input_file_ref idref="fl-e0"/>
      </object_component>
      <object_component id="oc-476">
         <name>.debug_info</name>
         <load_address>0xde64</load_address>
         <run_address>0xde64</run_address>
         <size>0x39</size>
         <input_file_ref idref="fl-e0"/>
      </object_component>
      <object_component id="oc-4be">
         <name>.debug_info</name>
         <load_address>0xde9d</load_address>
         <run_address>0xde9d</run_address>
         <size>0x299</size>
         <input_file_ref idref="fl-e1"/>
      </object_component>
      <object_component id="oc-461">
         <name>.debug_info</name>
         <load_address>0xe136</load_address>
         <run_address>0xe136</run_address>
         <size>0x194</size>
         <input_file_ref idref="fl-e1"/>
      </object_component>
      <object_component id="oc-4e7">
         <name>.debug_info</name>
         <load_address>0xe2ca</load_address>
         <run_address>0xe2ca</run_address>
         <size>0x39</size>
         <input_file_ref idref="fl-e1"/>
      </object_component>
      <object_component id="oc-4bf">
         <name>.debug_info</name>
         <load_address>0xe303</load_address>
         <run_address>0xe303</run_address>
         <size>0x2c</size>
         <input_file_ref idref="fl-e1"/>
      </object_component>
      <object_component id="oc-4cb">
         <name>.debug_info</name>
         <load_address>0xe32f</load_address>
         <run_address>0xe32f</run_address>
         <size>0x2fc</size>
         <input_file_ref idref="fl-e2"/>
      </object_component>
      <object_component id="oc-46a">
         <name>.debug_info</name>
         <load_address>0xe62b</load_address>
         <run_address>0xe62b</run_address>
         <size>0x224</size>
         <input_file_ref idref="fl-e2"/>
      </object_component>
      <object_component id="oc-4ac">
         <name>.debug_info</name>
         <load_address>0xe84f</load_address>
         <run_address>0xe84f</run_address>
         <size>0x114</size>
         <input_file_ref idref="fl-e3"/>
      </object_component>
      <object_component id="oc-4c6">
         <name>.debug_info</name>
         <load_address>0xe963</load_address>
         <run_address>0xe963</run_address>
         <size>0x160</size>
         <input_file_ref idref="fl-e4"/>
      </object_component>
      <object_component id="oc-2a7">
         <name>.debug_info</name>
         <load_address>0xeac3</load_address>
         <run_address>0xeac3</run_address>
         <size>0x464</size>
         <input_file_ref idref="fl-e5"/>
      </object_component>
      <object_component id="oc-2a4">
         <name>.debug_info</name>
         <load_address>0xef27</load_address>
         <run_address>0xef27</run_address>
         <size>0x167</size>
         <input_file_ref idref="fl-e5"/>
      </object_component>
      <object_component id="oc-1e6">
         <name>.debug_info</name>
         <load_address>0xf08e</load_address>
         <run_address>0xf08e</run_address>
[...]
         <value>0x1429</value>
         <object_component_ref idref="oc-1d5"/>
      </symbol>
      <symbol id="sm-ab">
         <name>HAL_LCD_writeData</name>
         <value>0x1f49</value>
         <object_component_ref idref="oc-283"/>
      </symbol>
      <symbol id="sm-ac">
         <name>HAL_LCD_SpiInit</name>
         <value>0x1fa9</value>
         <object_component_ref idref="oc-283"/>
      </symbol>
      <symbol id="sm-ad">
         <name>HAL_LCD_PortInit</name>
         <value>0x2039</value>
         <object_component_ref idref="oc-283"/>
      </symbol>
      <symbol id="sm-ae">
         <name>HAL_LCD_writeCommand</name>
         <value>0x1f59</value>
         <object_component_ref idref="oc-283"/>
      </symbol>
      <symbol id="sm-e8">
         <name>gADCSamplingRate</name>
         <value>0x20008854</value>
      </symbol>
      <symbol id="sm-e9">
         <name>ButtonDebounce</name>
         <value>0xf29</value>
         <object_component_ref idref="oc-2a"/>
      </symbol>
      <symbol id="sm-ea">
         <name>ButtonReadJoystick</name>
         <value>0xc81</value>
         <object_component_ref idref="oc-2a"/>
      </symbol>
      <symbol id="sm-eb">
         <name>ButtonAutoRepeat</name>
         <value>0xf99</value>
         <object_component_ref idref="oc-2a"/>
      </symbol>
      <symbol id="sm-ec">
         <name>gButtons</name>
         <value>0x2000802c</value>
         <object_component_ref idref="oc-8c"/>
      </symbol>
      <symbol id="sm-ed">
         <name>ButtonISR</name>
         <value>0x1019</value>
         <object_component_ref idref="oc-2a"/>
      </symbol>
      <symbol id="sm-ee">
         <name>decimalToBinary</name>
         <value>0xc59</value>
         <object_component_ref idref="oc-2a"/>
      </symbol>
      <symbol id="sm-ef">
         <name>ButtonInit</name>
         <value>0xd61</value>
         <object_component_ref idref="oc-2a"/>
      </symbol>
      <symbol id="sm-f0">
         <name>gJoystick</name>
         <value>0x20008024</value>
         <object_component_ref idref="oc-7d"/>
      </symbol>
      <symbol id="sm-112">
         <name>gSystemClock</name>
         <value>0x20008858</value>
      </symbol>
      <symbol id="sm-113">
         <name>gTime</name>
         <value>0x20008034</value>
         <object_component_ref idref="oc-10f"/>
      </symbol>
      <symbol id="sm-114">
         <name>main</name>
         <value>0x20c9</value>
         <object_component_ref idref="oc-145"/>
      </symbol>
      <symbol id="sm-123">
         <name>SysCtlFrequencyGet</name>
         <value>0x33d1</value>
         <object_component_ref idref="oc-da"/>
      </symbol>
      <symbol id="sm-13f">
         <name>ResetISR</name>
         <value>0x3899</value>
         <object_component_ref idref="oc-24"/>
      </symbol>
      <symbol id="sm-140">
         <name>g_pfnVectors</name>
         <value>0x0</value>
         <object_component_ref idref="oc-f"/>
      </symbol>
      <symbol id="sm-14f">
         <name>roundf</name>
         <value>0x2f2b</value>
         <object_component_ref idref="oc-a4"/>
      </symbol>
      <symbol id="sm-17e">
         <name>snprintf</name>
         <value>0x3339</value>
         <object_component_ref idref="oc-1f9"/>
      </symbol>
      <symbol id="sm-199">
         <name>memcpy</name>
         <value>0x2a83</value>
         <object_component_ref idref="oc-3e"/>
      </symbol>
      <symbol id="sm-19a">
         <name>__aeabi_memcpy</name>
         <value>0x2a83</value>
         <object_component_ref idref="oc-3e"/>
      </symbol>
      <symbol id="sm-19b">
         <name>__aeabi_memcpy8</name>
         <value>0x2a83</value>
         <object_component_ref idref="oc-3e"/>
      </symbol>
      <symbol id="sm-19c">
         <name>__aeabi_memcpy4</name>
         <value>0x2a83</value>
         <object_component_ref idref="oc-3e"/>
      </symbol>
      <symbol id="sm-1b5">
         <name>__TI_zero_init_nomemset</name>
         <value>0x3841</value>
         <object_component_ref idref="oc-4a"/>
      </symbol>
      <symbol id="sm-1cc">
         <name>__TI_decompress_none</name>
         <value>0x3a2f</value>
         <object_component_ref idref="oc-18"/>
      </symbol>
      <symbol id="sm-1ef">
         <name>__TI_decompress_lzss</name>
         <value>0x3069</value>
         <object_component_ref idref="oc-12"/>
      </symbol>
      <symbol id="sm-202">
         <name>__stack</name>
         <value>0x20008040</value>
         <object_component_ref idref="oc-21"/>
      </symbol>
      <symbol id="sm-203">
         <name>_c_int00_noargs</name>
         <value>0x3661</value>
         <object_component_ref idref="oc-5c"/>
      </symbol>
      <symbol id="sm-225">
         <name>floorf</name>
         <value>0x2d49</value>
         <object_component_ref idref="oc-177"/>
      </symbol>
      <symbol id="sm-38a">
         <name>__TI_printfi</name>
         <value>0x209</value>
         <object_component_ref idref="oc-2c0"/>
      </symbol>
      <symbol id="sm-3a1">
         <name>__aeabi_dsub</name>
         <value>0x1d8d</value>
         <object_component_ref idref="oc-440"/>
      </symbol>
      <symbol id="sm-3a2">
         <name>__aeabi_dadd</name>
         <value>0x1d97</value>
         <object_component_ref idref="oc-440"/>
      </symbol>
      <symbol id="sm-3c4">
         <name>__aeabi_cdcmpeq</name>
         <value>0x2c3b</value>
         <object_component_ref idref="oc-390"/>
      </symbol>
      <symbol id="sm-3c5">
         <name>__aeabi_cdcmple</name>
         <value>0x2c3b</value>
         <object_component_ref idref="oc-390"/>
      </symbol>
      <symbol id="sm-3c6">
         <name>__aeabi_cdrcmple</name>
         <value>0x2cc1</value>
         <object_component_ref idref="oc-42b"/>
      </symbol>
      <symbol id="sm-3da">
         <name>__aeabi_ddiv</name>
         <value>0x2375</value>
         <object_component_ref idref="oc-426"/>
      </symbol>
      <symbol id="sm-3e5">
         <name>__aeabi_dmul</name>
         <value>0x2811</value>
         <object_component_ref idref="oc-421"/>
      </symbol>
      <symbol id="sm-3ef">
         <name>__aeabi_d2iz</name>
         <value>0x34ad</value>
         <object_component_ref idref="oc-430"/>
      </symbol>
      <symbol id="sm-3f9">
         <name>__aeabi_i2d</name>
         <value>0x3721</value>
         <object_component_ref idref="oc-43b"/>
      </symbol>
      <symbol id="sm-406">
         <name>__aeabi_uldivmod</name>
         <value>0x2b1f</value>
         <object_component_ref idref="oc-41a"/>
      </symbol>
      <symbol id="sm-415">
         <name>__aeabi_memset</name>
         <value>0x2e45</value>
         <object_component_ref idref="oc-139"/>
      </symbol>
      <symbol id="sm-416">
         <name>memset</name>
         <value>0x2e4b</value>
         <object_component_ref idref="oc-139"/>
      </symbol>
      <symbol id="sm-417">
         <name>__aeabi_memset8</name>
         <value>0x2e45</value>
         <object_component_ref idref="oc-139"/>
      </symbol>
      <symbol id="sm-418">
         <name>__aeabi_memset4</name>
         <value>0x2e45</value>
         <object_component_ref idref="oc-139"/>
      </symbol>
      <symbol id="sm-419">
         <name>__aeabi_memclr8</name>
         <value>0x2e43</value>
         <object_component_ref idref="oc-139"/>
      </symbol>
      <symbol id="sm-41a">
         <name>__aeabi_memclr4</name>
         <value>0x2e43</value>
         <object_component_ref idref="oc-139"/>
      </symbol>
      <symbol id="sm-41b">
         <name>__aeabi_memclr</name>
         <value>0x2e43</value>
         <object_component_ref idref="oc-139"/>
      </symbol>
      <symbol id="sm-443">
         <name>__TI_auto_init_nobinit_nopinit</name>
         <value>0x34f5</value>
         <object_component_ref idref="oc-212"/>
      </symbol>
      <symbol id="sm-44d">
         <name>_system_pre_init</name>
         <value>0x3a9f</value>
         <object_component_ref idref="oc-13f"/>
      </symbol>
      <symbol id="sm-459">
         <name>C$$EXIT</name>
         <value>0x3aa3</value>
         <object_component_ref idref="oc-206"/>
      </symbol>
      <symbol id="sm-45a">
         <name>abort</name>
         <value>0x3aa3</value>
         <object_component_ref idref="oc-206"/>
      </symbol>
      <symbol id="sm-472">
         <name>atoi</name>
         <value>0x32ed</value>
         <object_component_ref idref="oc-384"/>
      </symbol>
      <symbol id="sm-47d">
         <name>_ctypes_</name>
         <value>0x3ec0</value>
         <object_component_ref idref="oc-415"/>
      </symbol>
      <symbol id="sm-48c">
         <name>ltoa</name>
         <value>0x3245</value>
         <object_component_ref idref="oc-435"/>
      </symbol>
      <symbol id="sm-49c">
         <name>memccpy</name>
         <value>0x385d</value>
         <object_component_ref idref="oc-3ad"/>
      </symbol>
      <symbol id="sm-4ac">
         <name>strchr</name>
         <value>0x3929</value>
         <object_component_ref idref="oc-46c"/>
      </symbol>
      <symbol id="sm-4ba">
         <name>strlen</name>
         <value>0x3955</value>
         <object_component_ref idref="oc-37e"/>
      </symbol>
      <symbol id="sm-4d0">
         <name>__aeabi_errno_addr</name>
         <value>0x3a8d</value>
         <object_component_ref idref="oc-3b9"/>
      </symbol>
      <symbol id="sm-4d1">
         <name>errno</name>
         <value>0x20008038</value>
         <object_component_ref idref="oc-47c"/>
      </symbol>
      <symbol id="sm-4ea">
         <name>wcslen</name>
         <value>0x39b1</value>
         <object_component_ref idref="oc-3b3"/>
      </symbol>
      <symbol id="sm-50a">
         <name>frexpl</name>
         <value>0x30d1</value>
         <object_component_ref idref="oc-460"/>
      </symbol>
      <symbol id="sm-50b">
         <name>frexp</name>
         <value>0x30d1</value>
         <object_component_ref idref="oc-460"/>
      </symbol>
      <symbol id="sm-528">
         <name>scalbn</name>
         <value>0x2701</value>
         <object_component_ref idref="oc-466"/>
      </symbol>
      <symbol id="sm-529">
         <name>scalbnl</name>
         <value>0x2701</value>
         <object_component_ref idref="oc-466"/>
      </symbol>
      <symbol id="sm-52a">
         <name>ldexpl</name>
         <value>0x2701</value>
         <object_component_ref idref="oc-466"/>
      </symbol>
      <symbol id="sm-52b">
         <name>ldexp</name>
         <value>0x2701</value>
         <object_component_ref idref="oc-466"/>
      </symbol>
      <symbol id="sm-535">
         <name>__aeabi_idiv0</name>
         <value>0xc57</value>
         <object_component_ref idref="oc-4ab"/>
      </symbol>
      <symbol id="sm-536">
         <name>__aeabi_ldiv0</name>
         <value>0xc57</value>
         <object_component_ref idref="oc-4ab"/>
      </symbol>
      <symbol id="sm-540">
         <name>copysign</name>
         <value>0x3879</value>
         <object_component_ref idref="oc-4c4"/>
      </symbol>
      <symbol id="sm-541">
         <name>copysignl</name>
         <value>0x3879</value>
         <object_component_ref idref="oc-4c4"/>
      </symbol>
      <symbol id="sm-566">
         <name>GrContextInit</name>
         <value>0x2f99</value>
         <object_component_ref idref="oc-1e4"/>
      </symbol>
      <symbol id="sm-567">
         <name>g_psDefaultCodePointMapTable</name>
         <value>0x42ec</value>
         <object_component_ref idref="oc-2a3"/>
      </symbol>
      <symbol id="sm-575">
         <name>GrRectFill</name>
         <value>0x2bb5</value>
         <object_component_ref idref="oc-1f3"/>
      </symbol>
      <symbol id="sm-604">
         <name>GrFontInfoGet</name>
         <value>0x3779</value>
         <object_component_ref idref="oc-34c"/>
      </symbol>
      <symbol id="sm-605">
         <name>GrDefaultStringRenderer</name>
         <value>0x290d</value>
         <object_component_ref idref="oc-29d"/>
      </symbol>
      <symbol id="sm-606">
         <name>GrFontGlyphRender</name>
         <value>0x1761</value>
         <object_component_ref idref="oc-35e"/>
      </symbol>
      <symbol id="sm-607">
         <name>GrContextFontSet</name>
         <value>0x3893</value>
         <object_component_ref idref="oc-1ed"/>
      </symbol>
      <symbol id="sm-608">
         <name>GrFontGlyphDataGet</name>
         <value>0x37c5</value>
         <object_component_ref idref="oc-358"/>
      </symbol>
      <symbol id="sm-609">
         <name>GrStringDraw</name>
         <value>0x3913</value>
         <object_component_ref idref="oc-1ff"/>
      </symbol>
      <symbol id="sm-60a">
         <name>GrFontCodepageGet</name>
         <value>0x3805</value>
         <object_component_ref idref="oc-373"/>
      </symbol>
      <symbol id="sm-60b">
         <name>GrStringNextCharGet</name>
         <value>0x36f3</value>
         <object_component_ref idref="oc-352"/>
      </symbol>
      <symbol id="sm-61d">
         <name>g_sFontFixed6x8</name>
         <value>0x3fc4</value>
         <object_component_ref idref="oc-1ea"/>
      </symbol>
      <symbol id="sm-62a">
         <name>GrMapISO8859_1_Unicode</name>
         <value>0x3a73</value>
         <object_component_ref idref="oc-365"/>
      </symbol>
      <symbol id="sm-680">
         <name>ADCProcessorTrigger</name>
         <value>0x38cb</value>
         <object_component_ref idref="oc-71"/>
      </symbol>
      <symbol id="sm-681">
         <name>ADCSequenceEnable</name>
         <value>0x3a13</value>
         <object_component_ref idref="oc-fb"/>
      </symbol>
      <symbol id="sm-682">
         <name>ADCSequenceConfigure</name>
         <value>0x3539</value>
         <object_component_ref idref="oc-ef"/>
      </symbol>
      <symbol id="sm-683">
         <name>ADCSequenceStepConfigure</name>
         <value>0x2dc9</value>
         <object_component_ref idref="oc-f5"/>
      </symbol>
      <symbol id="sm-684">
         <name>ADCIntClear</name>
         <value>0x3a55</value>
         <object_component_ref idref="oc-86"/>
      </symbol>
      <symbol id="sm-685">
         <name>ADCIntStatus</name>
         <value>0x36c5</value>
         <object_component_ref idref="oc-77"/>
      </symbol>
      <symbol id="sm-686">
         <name>ADCSequenceDisable</name>
         <value>0x3a05</value>
         <object_component_ref idref="oc-e9"/>
      </symbol>
      <symbol id="sm-687">
         <name>ADCClockConfigSet</name>
         <value>0x38b3</value>
         <object_component_ref idref="oc-e3"/>
      </symbol>
      <symbol id="sm-688">
         <name>ADCSequenceDataGet</name>
         <value>0x37e7</value>
         <object_component_ref idref="oc-80"/>
      </symbol>
      <symbol id="sm-69e">
         <name>FPULazyStackingEnable</name>
         <value>0x39d5</value>
         <object_component_ref idref="oc-1c9"/>
      </symbol>
      <symbol id="sm-69f">
         <name>FPUEnable</name>
         <value>0x39c5</value>
         <object_component_ref idref="oc-1c3"/>
      </symbol>
      <symbol id="sm-6f9">
         <name>GPIOPinConfigure</name>
         <value>0x341d</value>
         <object_component_ref idref="oc-33b"/>
      </symbol>
      <symbol id="sm-6fa">
         <name>GPIOPinTypeADC</name>
         <value>0x3969</value>
         <object_component_ref idref="oc-d4"/>
      </symbol>
      <symbol id="sm-6fb">
         <name>GPIOPinTypeGPIOInput</name>
         <value>0x397b</value>
         <object_component_ref idref="oc-c8"/>
      </symbol>
      <symbol id="sm-6fc">
         <name>GPIOPinTypeGPIOOutput</name>
         <value>0x38e3</value>
         <object_component_ref idref="oc-341"/>
      </symbol>
      <symbol id="sm-6fd">
         <name>GPIOPinRead</name>
         <value>0x10fb</value>
         <object_component_ref idref="oc-109"/>
      </symbol>
      <symbol id="sm-6fe">
         <name>GPIODirModeSet</name>
         <value>0x374f</value>
         <object_component_ref idref="oc-18b"/>
      </symbol>
      <symbol id="sm-6ff">
         <name>GPIOPinWrite</name>
         <value>0x1f43</value>
         <object_component_ref idref="oc-323"/>
      </symbol>
      <symbol id="sm-700">
         <name>GPIOPadConfigSet</name>
         <value>0x24ab</value>
         <object_component_ref idref="oc-ce"/>
      </symbol>
      <symbol id="sm-701">
         <name>GPIOPinTypeSSI</name>
         <value>0x398d</value>
         <object_component_ref idref="oc-335"/>
      </symbol>
      <symbol id="sm-74b">
         <name>IntPrioritySet</name>
         <value>0x37a1</value>
         <object_component_ref idref="oc-bc"/>
      </symbol>
      <symbol id="sm-74c">
         <name>IntEnable</name>
         <value>0x3001</value>
         <object_component_ref idref="oc-c2"/>
      </symbol>
      <symbol id="sm-74d">
         <name>IntMasterDisable</name>
         <value>0x39e5</value>
         <object_component_ref idref="oc-1bd"/>
      </symbol>
      <symbol id="sm-74e">
         <name>IntMasterEnable</name>
         <value>0x39f5</value>
         <object_component_ref idref="oc-1db"/>
      </symbol>
      <symbol id="sm-775">
         <name>SSIDataPut</name>
         <value>0x3a5f</value>
         <object_component_ref idref="oc-317"/>
      </symbol>
      <symbol id="sm-776">
         <name>SSIConfigSetExpClk</name>
         <value>0x35b5</value>
         <object_component_ref idref="oc-329"/>
      </symbol>
      <symbol id="sm-777">
         <name>SSIEnable</name>
         <value>0x3a69</value>
         <object_component_ref idref="oc-32f"/>
      </symbol>
      <symbol id="sm-778">
         <name>SSIBusy</name>
         <value>0x3a7b</value>
         <object_component_ref idref="oc-31d"/>
      </symbol>
      <symbol id="sm-7e8">
         <name>SysCtlDelay</name>
         <value>0x3a95</value>
         <object_component_ref idref="oc-28c"/>
      </symbol>
      <symbol id="sm-7e9">
         <name>SysCtlPeripheralEnable</name>
         <value>0x362d</value>
         <object_component_ref idref="oc-8f"/>
      </symbol>
      <symbol id="sm-7ea">
         <name>SysCtlClockFreqSet</name>
         <value>0x19b9</value>
         <object_component_ref idref="oc-1cf"/>
      </symbol>
      <symbol id="sm-828">
         <name>TimerLoadSet</name>
         <value>0x399f</value>
         <object_component_ref idref="oc-aa"/>
      </symbol>
      <symbol id="sm-829">
         <name>TimerDisable</name>
         <value>0x3941</value>
         <object_component_ref idref="oc-95"/>
      </symbol>
      <symbol id="sm-82a">
         <name>TimerEnable</name>
         <value>0x3a21</value>
         <object_component_ref idref="oc-b6"/>
      </symbol>
      <symbol id="sm-82b">
         <name>TimerIntEnable</name>
         <value>0x3a83</value>
         <object_component_ref idref="oc-b0"/>
      </symbol>
      <symbol id="sm-82c">
         <name>TimerConfigure</name>
         <value>0x3135</value>
         <object_component_ref idref="oc-9b"/>
      </symbol>
      <symbol id="sm-82d">
         <name>TimerIntClear</name>
         <value>0x3a9b</value>
         <object_component_ref idref="oc-103"/>
      </symbol>
      <symbol id="sm-83f">
         <name>CPUcpsie</name>
         <value>0x3a49</value>
         <object_component_ref idref="oc-294"/>
      </symbol>
      <symbol id="sm-840">
         <name>CPUcpsid</name>
         <value>0x3a3d</value>
         <object_component_ref idref="oc-263"/>
      </symbol>
      <symbol id="sm-841">
         <name>__TI_static_base__</name>
         <value>0x0</value>
      </symbol>
      <symbol id="sm-844">
         <name>__mpu_init</name>
         <value>0x0</value>
      </symbol>
      <symbol id="sm-845">
         <name>_system_post_cinit</name>
         <value>0x0</value>
      </symbol>
   </symbol_table>
   <title>Link successful</title>
</link_info>
